Archive member included to satisfy reference by file (symbol)

c:/program files/microchip/xc8/v2.31/avr/bin/../lib/gcc/avr/5.4.0/avr5/memx-const\libgcc.a(_exit.o)
                              C:/Program Files (x86)/Atmel/Studio/7.0/Packs/atmel/ATmega_DFP/1.6.364/xc8/avr/lib/avr5/memx-const/crtatmega328pb.o (exit)
c:/program files/microchip/xc8/v2.31/avr/bin/../lib/gcc/avr/5.4.0/avr5/memx-const\libgcc.a(_tablejump2.o)
                              MODULES/lora_module/join_network/join_network.o (__tablejump2__)
c:/program files/microchip/xc8/v2.31/avr/bin/../lib/gcc/avr/5.4.0/avr5/memx-const\libgcc.a(_copy_data.o)
                              HAL/UART0/UART0_HAL.o (__do_clear_bss)
c:/program files/microchip/xc8/v2.31/avr/bin/../lib/gcc/avr/5.4.0/avr5/memx-const\libgcc.a(_movmemx.o)
                              TEST/lora-module/test_lora_module.o (__movmemx_qi)
c:/program files/microchip/xc8/v2.31/avr/bin/../lib/gcc/avr/5.4.0/../../../../avr/lib/avr5/memx-const\libc.a(memcpy_M.o)
                              MODULES/lora_module/RN2483_protocol/RN2483_protocol.o (memcpy)
c:/program files/microchip/xc8/v2.31/avr/bin/../lib/gcc/avr/5.4.0/../../../../avr/lib/avr5/memx-const\libc.a(strcmp_M.o)
                              MODULES/lora_module/util/util.o (strcmp)
c:/program files/microchip/xc8/v2.31/avr/bin/../lib/gcc/avr/5.4.0/../../../../avr/lib/avr5/memx-const\libc.a(strncmp_M.o)
                              MODULES/lora_module/util/util.o (strncmp)
c:/program files/microchip/xc8/v2.31/avr/bin/../lib/gcc/avr/5.4.0/../../../../avr/lib/avr5/memx-const\libc.a(strlen_M.o)
                              MODULES/lora_module/RN2483_protocol/RN2483_protocol.o (strlen)
c:/program files/microchip/xc8/v2.31/avr/bin/../lib/gcc/avr/5.4.0/../../../../avr/lib/avr5/memx-const\libc.a(strcpy_M.o)
                              MODULES/lora_module/RN2483_protocol/RN2483_protocol.o (strcpy)
c:/program files/microchip/xc8/v2.31/avr/bin/../lib/gcc/avr/5.4.0/../../../../avr/lib/avr5/memx-const\libc.a(sprintf.o)
                              MODULES/lora_module/RN2483_protocol/RN2483_protocol.o (sprintf)
c:/program files/microchip/xc8/v2.31/avr/bin/../lib/gcc/avr/5.4.0/../../../../avr/lib/avr5/memx-const\libc.a(vfprintf_std.o)
                              c:/program files/microchip/xc8/v2.31/avr/bin/../lib/gcc/avr/5.4.0/../../../../avr/lib/avr5/memx-const\libc.a(sprintf.o) (vfprintf)
c:/program files/microchip/xc8/v2.31/avr/bin/../lib/gcc/avr/5.4.0/../../../../avr/lib/avr5/memx-const\libc.a(strnlen_M.o)
                              c:/program files/microchip/xc8/v2.31/avr/bin/../lib/gcc/avr/5.4.0/../../../../avr/lib/avr5/memx-const\libc.a(vfprintf_std.o) (strnlen)
c:/program files/microchip/xc8/v2.31/avr/bin/../lib/gcc/avr/5.4.0/../../../../avr/lib/avr5/memx-const\libc.a(fputc.o)
                              c:/program files/microchip/xc8/v2.31/avr/bin/../lib/gcc/avr/5.4.0/../../../../avr/lib/avr5/memx-const\libc.a(vfprintf_std.o) (fputc)
c:/program files/microchip/xc8/v2.31/avr/bin/../lib/gcc/avr/5.4.0/../../../../avr/lib/avr5/memx-const\libc.a(ultoa_invert.o)
                              c:/program files/microchip/xc8/v2.31/avr/bin/../lib/gcc/avr/5.4.0/../../../../avr/lib/avr5/memx-const\libc.a(vfprintf_std.o) (__ultoa_invert)
c:/program files/microchip/xc8/v2.31/avr/bin/../lib/gcc/avr/5.4.0/avr5/memx-const\libgcc.a(_prologue.o)
                              c:/program files/microchip/xc8/v2.31/avr/bin/../lib/gcc/avr/5.4.0/../../../../avr/lib/avr5/memx-const\libc.a(sprintf.o) (__prologue_saves__)
c:/program files/microchip/xc8/v2.31/avr/bin/../lib/gcc/avr/5.4.0/avr5/memx-const\libgcc.a(_epilogue.o)
                              c:/program files/microchip/xc8/v2.31/avr/bin/../lib/gcc/avr/5.4.0/../../../../avr/lib/avr5/memx-const\libc.a(sprintf.o) (__epilogue_restores__)

Allocating common symbols
Common symbol       size              file

lm_msg              0xc8              MODULES/lora_module/util/util.o
rx_buffer           0x64              HAL/UART0/UART0_HAL.o
tx_buffer           0xc8              HAL/UART0/UART0_HAL.o

Discarded input sections

 .data          0x0000000000000000        0x0 C:/Program Files (x86)/Atmel/Studio/7.0/Packs/atmel/ATmega_DFP/1.6.364/xc8/avr/lib/avr5/memx-const/crtatmega328pb.o
 .bss           0x0000000000000000        0x0 C:/Program Files (x86)/Atmel/Studio/7.0/Packs/atmel/ATmega_DFP/1.6.364/xc8/avr/lib/avr5/memx-const/crtatmega328pb.o
 .text          0x0000000000000000        0x0 HAL/RN2483/RN2483_HAL.o
 .data          0x0000000000000000        0x0 HAL/RN2483/RN2483_HAL.o
 .bss           0x0000000000000000        0x0 HAL/RN2483/RN2483_HAL.o
 .text          0x0000000000000000        0x0 HAL/UART0/UART0_HAL.o
 .data          0x0000000000000000        0x0 HAL/UART0/UART0_HAL.o
 .bss           0x0000000000000000        0x0 HAL/UART0/UART0_HAL.o
 .text.uart0_hal_read_message
                0x0000000000000000       0x16 HAL/UART0/UART0_HAL.o
 .text          0x0000000000000000        0x0 HAL/UART1/UART1_HAL.o
 .data          0x0000000000000000        0x0 HAL/UART1/UART1_HAL.o
 .bss           0x0000000000000000        0x0 HAL/UART1/UART1_HAL.o
 .text.uart1_hal_init
                0x0000000000000000       0x3c HAL/UART1/UART1_HAL.o
 .text.uart1_hal_send_message
                0x0000000000000000       0x34 HAL/UART1/UART1_HAL.o
 .text.uart1_hal_message_ready
                0x0000000000000000        0xe HAL/UART1/UART1_HAL.o
 .text.uart1_hal_clear_rx_buffer
                0x0000000000000000        0xa HAL/UART1/UART1_HAL.o
 .text.uart1_hal_read_message
                0x0000000000000000       0x38 HAL/UART1/UART1_HAL.o
 .text          0x0000000000000000        0x0 main.o
 .data          0x0000000000000000        0x0 main.o
 .bss           0x0000000000000000        0x0 main.o
 .text          0x0000000000000000        0x0 MODULES/lora_module/join_network/join_network.o
 .data          0x0000000000000000        0x0 MODULES/lora_module/join_network/join_network.o
 .bss           0x0000000000000000        0x0 MODULES/lora_module/join_network/join_network.o
 .text          0x0000000000000000        0x0 MODULES/lora_module/lora_module.o
 .data          0x0000000000000000        0x0 MODULES/lora_module/lora_module.o
 .bss           0x0000000000000000        0x0 MODULES/lora_module/lora_module.o
 .text          0x0000000000000000        0x0 MODULES/lora_module/RN2483_protocol/RN2483_protocol.o
 .data          0x0000000000000000        0x0 MODULES/lora_module/RN2483_protocol/RN2483_protocol.o
 .bss           0x0000000000000000        0x0 MODULES/lora_module/RN2483_protocol/RN2483_protocol.o
 .text.tohex    0x0000000000000000       0x70 MODULES/lora_module/RN2483_protocol/RN2483_protocol.o
 .text.sys_sleep_cmd
                0x0000000000000000       0x5e MODULES/lora_module/RN2483_protocol/RN2483_protocol.o
 .text.mac_tx_confirmed
                0x0000000000000000       0xb4 MODULES/lora_module/RN2483_protocol/RN2483_protocol.o
 .text          0x0000000000000000        0x0 MODULES/lora_module/util/util.o
 .data          0x0000000000000000        0x0 MODULES/lora_module/util/util.o
 .bss           0x0000000000000000        0x0 MODULES/lora_module/util/util.o
 .text          0x0000000000000000        0x0 TEST/lora-module/test_lora_module.o
 .data          0x0000000000000000        0x0 TEST/lora-module/test_lora_module.o
 .bss           0x0000000000000000        0x0 TEST/lora-module/test_lora_module.o
 .text          0x0000000000000000        0x0 c:/program files/microchip/xc8/v2.31/avr/bin/../lib/gcc/avr/5.4.0/avr5/memx-const\libgcc.a(_exit.o)
 .data          0x0000000000000000        0x0 c:/program files/microchip/xc8/v2.31/avr/bin/../lib/gcc/avr/5.4.0/avr5/memx-const\libgcc.a(_exit.o)
 .bss           0x0000000000000000        0x0 c:/program files/microchip/xc8/v2.31/avr/bin/../lib/gcc/avr/5.4.0/avr5/memx-const\libgcc.a(_exit.o)
 .text.libgcc.mul
                0x0000000000000000        0x0 c:/program files/microchip/xc8/v2.31/avr/bin/../lib/gcc/avr/5.4.0/avr5/memx-const\libgcc.a(_exit.o)
 .text.libgcc.div
                0x0000000000000000        0x0 c:/program files/microchip/xc8/v2.31/avr/bin/../lib/gcc/avr/5.4.0/avr5/memx-const\libgcc.a(_exit.o)
 .text.libgcc   0x0000000000000000        0x0 c:/program files/microchip/xc8/v2.31/avr/bin/../lib/gcc/avr/5.4.0/avr5/memx-const\libgcc.a(_exit.o)
 .text.libgcc.prologue
                0x0000000000000000        0x0 c:/program files/microchip/xc8/v2.31/avr/bin/../lib/gcc/avr/5.4.0/avr5/memx-const\libgcc.a(_exit.o)
 .text.libgcc.builtins
                0x0000000000000000        0x0 c:/program files/microchip/xc8/v2.31/avr/bin/../lib/gcc/avr/5.4.0/avr5/memx-const\libgcc.a(_exit.o)
 .text.libgcc.fmul
                0x0000000000000000        0x0 c:/program files/microchip/xc8/v2.31/avr/bin/../lib/gcc/avr/5.4.0/avr5/memx-const\libgcc.a(_exit.o)
 .text.libgcc.fixed
                0x0000000000000000        0x0 c:/program files/microchip/xc8/v2.31/avr/bin/../lib/gcc/avr/5.4.0/avr5/memx-const\libgcc.a(_exit.o)
 .text          0x0000000000000000        0x0 c:/program files/microchip/xc8/v2.31/avr/bin/../lib/gcc/avr/5.4.0/avr5/memx-const\libgcc.a(_tablejump2.o)
 .data          0x0000000000000000        0x0 c:/program files/microchip/xc8/v2.31/avr/bin/../lib/gcc/avr/5.4.0/avr5/memx-const\libgcc.a(_tablejump2.o)
 .bss           0x0000000000000000        0x0 c:/program files/microchip/xc8/v2.31/avr/bin/../lib/gcc/avr/5.4.0/avr5/memx-const\libgcc.a(_tablejump2.o)
 .text.libgcc.mul
                0x0000000000000000        0x0 c:/program files/microchip/xc8/v2.31/avr/bin/../lib/gcc/avr/5.4.0/avr5/memx-const\libgcc.a(_tablejump2.o)
 .text.libgcc.div
                0x0000000000000000        0x0 c:/program files/microchip/xc8/v2.31/avr/bin/../lib/gcc/avr/5.4.0/avr5/memx-const\libgcc.a(_tablejump2.o)
 .text.libgcc.prologue
                0x0000000000000000        0x0 c:/program files/microchip/xc8/v2.31/avr/bin/../lib/gcc/avr/5.4.0/avr5/memx-const\libgcc.a(_tablejump2.o)
 .text.libgcc.builtins
                0x0000000000000000        0x0 c:/program files/microchip/xc8/v2.31/avr/bin/../lib/gcc/avr/5.4.0/avr5/memx-const\libgcc.a(_tablejump2.o)
 .text.libgcc.fmul
                0x0000000000000000        0x0 c:/program files/microchip/xc8/v2.31/avr/bin/../lib/gcc/avr/5.4.0/avr5/memx-const\libgcc.a(_tablejump2.o)
 .text.libgcc.fixed
                0x0000000000000000        0x0 c:/program files/microchip/xc8/v2.31/avr/bin/../lib/gcc/avr/5.4.0/avr5/memx-const\libgcc.a(_tablejump2.o)
 .text          0x0000000000000000        0x0 c:/program files/microchip/xc8/v2.31/avr/bin/../lib/gcc/avr/5.4.0/avr5/memx-const\libgcc.a(_copy_data.o)
 .data          0x0000000000000000        0x0 c:/program files/microchip/xc8/v2.31/avr/bin/../lib/gcc/avr/5.4.0/avr5/memx-const\libgcc.a(_copy_data.o)
 .bss           0x0000000000000000        0x0 c:/program files/microchip/xc8/v2.31/avr/bin/../lib/gcc/avr/5.4.0/avr5/memx-const\libgcc.a(_copy_data.o)
 .text.libgcc.mul
                0x0000000000000000        0x0 c:/program files/microchip/xc8/v2.31/avr/bin/../lib/gcc/avr/5.4.0/avr5/memx-const\libgcc.a(_copy_data.o)
 .text.libgcc.div
                0x0000000000000000        0x0 c:/program files/microchip/xc8/v2.31/avr/bin/../lib/gcc/avr/5.4.0/avr5/memx-const\libgcc.a(_copy_data.o)
 .text.libgcc   0x0000000000000000        0x0 c:/program files/microchip/xc8/v2.31/avr/bin/../lib/gcc/avr/5.4.0/avr5/memx-const\libgcc.a(_copy_data.o)
 .text.libgcc.prologue
                0x0000000000000000        0x0 c:/program files/microchip/xc8/v2.31/avr/bin/../lib/gcc/avr/5.4.0/avr5/memx-const\libgcc.a(_copy_data.o)
 .text.libgcc.builtins
                0x0000000000000000        0x0 c:/program files/microchip/xc8/v2.31/avr/bin/../lib/gcc/avr/5.4.0/avr5/memx-const\libgcc.a(_copy_data.o)
 .text.libgcc.fmul
                0x0000000000000000        0x0 c:/program files/microchip/xc8/v2.31/avr/bin/../lib/gcc/avr/5.4.0/avr5/memx-const\libgcc.a(_copy_data.o)
 .text.libgcc.fixed
                0x0000000000000000        0x0 c:/program files/microchip/xc8/v2.31/avr/bin/../lib/gcc/avr/5.4.0/avr5/memx-const\libgcc.a(_copy_data.o)
 .text          0x0000000000000000        0x0 c:/program files/microchip/xc8/v2.31/avr/bin/../lib/gcc/avr/5.4.0/avr5/memx-const\libgcc.a(_movmemx.o)
 .data          0x0000000000000000        0x0 c:/program files/microchip/xc8/v2.31/avr/bin/../lib/gcc/avr/5.4.0/avr5/memx-const\libgcc.a(_movmemx.o)
 .bss           0x0000000000000000        0x0 c:/program files/microchip/xc8/v2.31/avr/bin/../lib/gcc/avr/5.4.0/avr5/memx-const\libgcc.a(_movmemx.o)
 .text.libgcc.mul
                0x0000000000000000        0x0 c:/program files/microchip/xc8/v2.31/avr/bin/../lib/gcc/avr/5.4.0/avr5/memx-const\libgcc.a(_movmemx.o)
 .text.libgcc.div
                0x0000000000000000        0x0 c:/program files/microchip/xc8/v2.31/avr/bin/../lib/gcc/avr/5.4.0/avr5/memx-const\libgcc.a(_movmemx.o)
 .text.libgcc.prologue
                0x0000000000000000        0x0 c:/program files/microchip/xc8/v2.31/avr/bin/../lib/gcc/avr/5.4.0/avr5/memx-const\libgcc.a(_movmemx.o)
 .text.libgcc.builtins
                0x0000000000000000        0x0 c:/program files/microchip/xc8/v2.31/avr/bin/../lib/gcc/avr/5.4.0/avr5/memx-const\libgcc.a(_movmemx.o)
 .text.libgcc.fmul
                0x0000000000000000        0x0 c:/program files/microchip/xc8/v2.31/avr/bin/../lib/gcc/avr/5.4.0/avr5/memx-const\libgcc.a(_movmemx.o)
 .text.libgcc.fixed
                0x0000000000000000        0x0 c:/program files/microchip/xc8/v2.31/avr/bin/../lib/gcc/avr/5.4.0/avr5/memx-const\libgcc.a(_movmemx.o)
 .text          0x0000000000000000        0x0 c:/program files/microchip/xc8/v2.31/avr/bin/../lib/gcc/avr/5.4.0/../../../../avr/lib/avr5/memx-const\libc.a(memcpy_M.o)
 .data          0x0000000000000000        0x0 c:/program files/microchip/xc8/v2.31/avr/bin/../lib/gcc/avr/5.4.0/../../../../avr/lib/avr5/memx-const\libc.a(memcpy_M.o)
 .bss           0x0000000000000000        0x0 c:/program files/microchip/xc8/v2.31/avr/bin/../lib/gcc/avr/5.4.0/../../../../avr/lib/avr5/memx-const\libc.a(memcpy_M.o)
 .text          0x0000000000000000        0x0 c:/program files/microchip/xc8/v2.31/avr/bin/../lib/gcc/avr/5.4.0/../../../../avr/lib/avr5/memx-const\libc.a(strcmp_M.o)
 .data          0x0000000000000000        0x0 c:/program files/microchip/xc8/v2.31/avr/bin/../lib/gcc/avr/5.4.0/../../../../avr/lib/avr5/memx-const\libc.a(strcmp_M.o)
 .bss           0x0000000000000000        0x0 c:/program files/microchip/xc8/v2.31/avr/bin/../lib/gcc/avr/5.4.0/../../../../avr/lib/avr5/memx-const\libc.a(strcmp_M.o)
 .text          0x0000000000000000        0x0 c:/program files/microchip/xc8/v2.31/avr/bin/../lib/gcc/avr/5.4.0/../../../../avr/lib/avr5/memx-const\libc.a(strncmp_M.o)
 .data          0x0000000000000000        0x0 c:/program files/microchip/xc8/v2.31/avr/bin/../lib/gcc/avr/5.4.0/../../../../avr/lib/avr5/memx-const\libc.a(strncmp_M.o)
 .bss           0x0000000000000000        0x0 c:/program files/microchip/xc8/v2.31/avr/bin/../lib/gcc/avr/5.4.0/../../../../avr/lib/avr5/memx-const\libc.a(strncmp_M.o)
 .text          0x0000000000000000        0x0 c:/program files/microchip/xc8/v2.31/avr/bin/../lib/gcc/avr/5.4.0/../../../../avr/lib/avr5/memx-const\libc.a(strlen_M.o)
 .data          0x0000000000000000        0x0 c:/program files/microchip/xc8/v2.31/avr/bin/../lib/gcc/avr/5.4.0/../../../../avr/lib/avr5/memx-const\libc.a(strlen_M.o)
 .bss           0x0000000000000000        0x0 c:/program files/microchip/xc8/v2.31/avr/bin/../lib/gcc/avr/5.4.0/../../../../avr/lib/avr5/memx-const\libc.a(strlen_M.o)
 .text          0x0000000000000000        0x0 c:/program files/microchip/xc8/v2.31/avr/bin/../lib/gcc/avr/5.4.0/../../../../avr/lib/avr5/memx-const\libc.a(strcpy_M.o)
 .data          0x0000000000000000        0x0 c:/program files/microchip/xc8/v2.31/avr/bin/../lib/gcc/avr/5.4.0/../../../../avr/lib/avr5/memx-const\libc.a(strcpy_M.o)
 .bss           0x0000000000000000        0x0 c:/program files/microchip/xc8/v2.31/avr/bin/../lib/gcc/avr/5.4.0/../../../../avr/lib/avr5/memx-const\libc.a(strcpy_M.o)
 .text          0x0000000000000000        0x0 c:/program files/microchip/xc8/v2.31/avr/bin/../lib/gcc/avr/5.4.0/../../../../avr/lib/avr5/memx-const\libc.a(sprintf.o)
 .data          0x0000000000000000        0x0 c:/program files/microchip/xc8/v2.31/avr/bin/../lib/gcc/avr/5.4.0/../../../../avr/lib/avr5/memx-const\libc.a(sprintf.o)
 .bss           0x0000000000000000        0x0 c:/program files/microchip/xc8/v2.31/avr/bin/../lib/gcc/avr/5.4.0/../../../../avr/lib/avr5/memx-const\libc.a(sprintf.o)
 .text          0x0000000000000000        0x0 c:/program files/microchip/xc8/v2.31/avr/bin/../lib/gcc/avr/5.4.0/../../../../avr/lib/avr5/memx-const\libc.a(vfprintf_std.o)
 .data          0x0000000000000000        0x0 c:/program files/microchip/xc8/v2.31/avr/bin/../lib/gcc/avr/5.4.0/../../../../avr/lib/avr5/memx-const\libc.a(vfprintf_std.o)
 .bss           0x0000000000000000        0x0 c:/program files/microchip/xc8/v2.31/avr/bin/../lib/gcc/avr/5.4.0/../../../../avr/lib/avr5/memx-const\libc.a(vfprintf_std.o)
 .text          0x0000000000000000        0x0 c:/program files/microchip/xc8/v2.31/avr/bin/../lib/gcc/avr/5.4.0/../../../../avr/lib/avr5/memx-const\libc.a(strnlen_M.o)
 .data          0x0000000000000000        0x0 c:/program files/microchip/xc8/v2.31/avr/bin/../lib/gcc/avr/5.4.0/../../../../avr/lib/avr5/memx-const\libc.a(strnlen_M.o)
 .bss           0x0000000000000000        0x0 c:/program files/microchip/xc8/v2.31/avr/bin/../lib/gcc/avr/5.4.0/../../../../avr/lib/avr5/memx-const\libc.a(strnlen_M.o)
 .text          0x0000000000000000        0x0 c:/program files/microchip/xc8/v2.31/avr/bin/../lib/gcc/avr/5.4.0/../../../../avr/lib/avr5/memx-const\libc.a(fputc.o)
 .data          0x0000000000000000        0x0 c:/program files/microchip/xc8/v2.31/avr/bin/../lib/gcc/avr/5.4.0/../../../../avr/lib/avr5/memx-const\libc.a(fputc.o)
 .bss           0x0000000000000000        0x0 c:/program files/microchip/xc8/v2.31/avr/bin/../lib/gcc/avr/5.4.0/../../../../avr/lib/avr5/memx-const\libc.a(fputc.o)
 .text          0x0000000000000000        0x0 c:/program files/microchip/xc8/v2.31/avr/bin/../lib/gcc/avr/5.4.0/../../../../avr/lib/avr5/memx-const\libc.a(ultoa_invert.o)
 .data          0x0000000000000000        0x0 c:/program files/microchip/xc8/v2.31/avr/bin/../lib/gcc/avr/5.4.0/../../../../avr/lib/avr5/memx-const\libc.a(ultoa_invert.o)
 .bss           0x0000000000000000        0x0 c:/program files/microchip/xc8/v2.31/avr/bin/../lib/gcc/avr/5.4.0/../../../../avr/lib/avr5/memx-const\libc.a(ultoa_invert.o)
 .text          0x0000000000000000        0x0 c:/program files/microchip/xc8/v2.31/avr/bin/../lib/gcc/avr/5.4.0/avr5/memx-const\libgcc.a(_prologue.o)
 .data          0x0000000000000000        0x0 c:/program files/microchip/xc8/v2.31/avr/bin/../lib/gcc/avr/5.4.0/avr5/memx-const\libgcc.a(_prologue.o)
 .bss           0x0000000000000000        0x0 c:/program files/microchip/xc8/v2.31/avr/bin/../lib/gcc/avr/5.4.0/avr5/memx-const\libgcc.a(_prologue.o)
 .text.libgcc.mul
                0x0000000000000000        0x0 c:/program files/microchip/xc8/v2.31/avr/bin/../lib/gcc/avr/5.4.0/avr5/memx-const\libgcc.a(_prologue.o)
 .text.libgcc.div
                0x0000000000000000        0x0 c:/program files/microchip/xc8/v2.31/avr/bin/../lib/gcc/avr/5.4.0/avr5/memx-const\libgcc.a(_prologue.o)
 .text.libgcc   0x0000000000000000        0x0 c:/program files/microchip/xc8/v2.31/avr/bin/../lib/gcc/avr/5.4.0/avr5/memx-const\libgcc.a(_prologue.o)
 .text.libgcc.builtins
                0x0000000000000000        0x0 c:/program files/microchip/xc8/v2.31/avr/bin/../lib/gcc/avr/5.4.0/avr5/memx-const\libgcc.a(_prologue.o)
 .text.libgcc.fmul
                0x0000000000000000        0x0 c:/program files/microchip/xc8/v2.31/avr/bin/../lib/gcc/avr/5.4.0/avr5/memx-const\libgcc.a(_prologue.o)
 .text.libgcc.fixed
                0x0000000000000000        0x0 c:/program files/microchip/xc8/v2.31/avr/bin/../lib/gcc/avr/5.4.0/avr5/memx-const\libgcc.a(_prologue.o)
 .text          0x0000000000000000        0x0 c:/program files/microchip/xc8/v2.31/avr/bin/../lib/gcc/avr/5.4.0/avr5/memx-const\libgcc.a(_epilogue.o)
 .data          0x0000000000000000        0x0 c:/program files/microchip/xc8/v2.31/avr/bin/../lib/gcc/avr/5.4.0/avr5/memx-const\libgcc.a(_epilogue.o)
 .bss           0x0000000000000000        0x0 c:/program files/microchip/xc8/v2.31/avr/bin/../lib/gcc/avr/5.4.0/avr5/memx-const\libgcc.a(_epilogue.o)
 .text.libgcc.mul
                0x0000000000000000        0x0 c:/program files/microchip/xc8/v2.31/avr/bin/../lib/gcc/avr/5.4.0/avr5/memx-const\libgcc.a(_epilogue.o)
 .text.libgcc.div
                0x0000000000000000        0x0 c:/program files/microchip/xc8/v2.31/avr/bin/../lib/gcc/avr/5.4.0/avr5/memx-const\libgcc.a(_epilogue.o)
 .text.libgcc   0x0000000000000000        0x0 c:/program files/microchip/xc8/v2.31/avr/bin/../lib/gcc/avr/5.4.0/avr5/memx-const\libgcc.a(_epilogue.o)
 .text.libgcc.builtins
                0x0000000000000000        0x0 c:/program files/microchip/xc8/v2.31/avr/bin/../lib/gcc/avr/5.4.0/avr5/memx-const\libgcc.a(_epilogue.o)
 .text.libgcc.fmul
                0x0000000000000000        0x0 c:/program files/microchip/xc8/v2.31/avr/bin/../lib/gcc/avr/5.4.0/avr5/memx-const\libgcc.a(_epilogue.o)
 .text.libgcc.fixed
                0x0000000000000000        0x0 c:/program files/microchip/xc8/v2.31/avr/bin/../lib/gcc/avr/5.4.0/avr5/memx-const\libgcc.a(_epilogue.o)

Memory Configuration

Name             Origin             Length             Attributes
text             0x0000000000000000 0x0000000000008000 xr
data             0x0000000000800100 0x0000000000000800 rw !x
eeprom           0x0000000000810000 0x0000000000000400 rw !x
fuse             0x0000000000820000 0x0000000000000003 rw !x
lock             0x0000000000830000 0x0000000000000400 rw !x
signature        0x0000000000840000 0x0000000000000400 rw !x
user_signatures  0x0000000000850000 0x0000000000000400 rw !x
*default*        0x0000000000000000 0xffffffffffffffff

Linker script and memory map

Address of section .data set to 0x800100
LOAD C:/Program Files (x86)/Atmel/Studio/7.0/Packs/atmel/ATmega_DFP/1.6.364/xc8/avr/lib/avr5/memx-const/crtatmega328pb.o
LOAD HAL/RN2483/RN2483_HAL.o
LOAD HAL/UART0/UART0_HAL.o
LOAD HAL/UART1/UART1_HAL.o
LOAD main.o
LOAD MODULES/lora_module/join_network/join_network.o
LOAD MODULES/lora_module/lora_module.o
LOAD MODULES/lora_module/RN2483_protocol/RN2483_protocol.o
LOAD MODULES/lora_module/util/util.o
LOAD TEST/lora-module/test_lora_module.o
START GROUP
LOAD c:/program files/microchip/xc8/v2.31/avr/bin/../lib/gcc/avr/5.4.0/../../../../avr/lib/avr5/memx-const\libm.a
END GROUP
START GROUP
LOAD c:/program files/microchip/xc8/v2.31/avr/bin/../lib/gcc/avr/5.4.0/avr5/memx-const\libgcc.a
LOAD c:/program files/microchip/xc8/v2.31/avr/bin/../lib/gcc/avr/5.4.0/../../../../avr/lib/avr5/memx-const\libm.a
LOAD c:/program files/microchip/xc8/v2.31/avr/bin/../lib/gcc/avr/5.4.0/../../../../avr/lib/avr5/memx-const\libc.a
LOAD C:/Program Files (x86)/Atmel/Studio/7.0/Packs/atmel/ATmega_DFP/1.6.364/xc8/avr/lib/avr5/memx-const\libatmega328pb.a
END GROUP
                [0x0000000000000000]                __TEXT_REGION_ORIGIN__ = DEFINED (__TEXT_REGION_ORIGIN__)?__TEXT_REGION_ORIGIN__:0x0
                [0x0000000000800100]                __DATA_REGION_ORIGIN__ = DEFINED (__DATA_REGION_ORIGIN__)?__DATA_REGION_ORIGIN__:0x800060
                [0x0000000000008000]                __TEXT_REGION_LENGTH__ = DEFINED (__TEXT_REGION_LENGTH__)?__TEXT_REGION_LENGTH__:0x20000
                [0x0000000000000800]                __DATA_REGION_LENGTH__ = DEFINED (__DATA_REGION_LENGTH__)?__DATA_REGION_LENGTH__:0xffa0
                [0x0000000000000400]                __EEPROM_REGION_LENGTH__ = DEFINED (__EEPROM_REGION_LENGTH__)?__EEPROM_REGION_LENGTH__:0x10000
                [0x0000000000000003]                __FUSE_REGION_LENGTH__ = DEFINED (__FUSE_REGION_LENGTH__)?__FUSE_REGION_LENGTH__:0x400
                0x0000000000000400                __LOCK_REGION_LENGTH__ = DEFINED (__LOCK_REGION_LENGTH__)?__LOCK_REGION_LENGTH__:0x400
                0x0000000000000400                __SIGNATURE_REGION_LENGTH__ = DEFINED (__SIGNATURE_REGION_LENGTH__)?__SIGNATURE_REGION_LENGTH__:0x400
                0x0000000000000400                __USER_SIGNATURE_REGION_LENGTH__ = DEFINED (__USER_SIGNATURE_REGION_LENGTH__)?__USER_SIGNATURE_REGION_LENGTH__:0x400

.hash
 *(.hash)

.dynsym
 *(.dynsym)

.dynstr
 *(.dynstr)

.gnu.version
 *(.gnu.version)

.gnu.version_d
 *(.gnu.version_d)

.gnu.version_r
 *(.gnu.version_r)

.rel.init
 *(.rel.init)

.rela.init
 *(.rela.init)

.rel.text
 *(.rel.text)
 *(.rel.text.*)
 *(.rel.gnu.linkonce.t*)

.rela.text
 *(.rela.text)
 *(.rela.text.*)
 *(.rela.gnu.linkonce.t*)

.rel.fini
 *(.rel.fini)

.rela.fini
 *(.rela.fini)

.rel.rodata
 *(.rel.rodata)
 *(.rel.rodata.*)
 *(.rel.gnu.linkonce.r*)

.rela.rodata
 *(.rela.rodata)
 *(.rela.rodata.*)
 *(.rela.gnu.linkonce.r*)

.rel.data
 *(.rel.data)
 *(.rel.data.*)
 *(.rel.gnu.linkonce.d*)

.rela.data
 *(.rela.data)
 *(.rela.data.*)
 *(.rela.gnu.linkonce.d*)

.rel.ctors
 *(.rel.ctors)

.rela.ctors
 *(.rela.ctors)

.rel.dtors
 *(.rel.dtors)

.rela.dtors
 *(.rela.dtors)

.rel.got
 *(.rel.got)

.rela.got
 *(.rela.got)

.rel.bss
 *(.rel.bss)

.rela.bss
 *(.rela.bss)

.rel.plt
 *(.rel.plt)

.rela.plt
 *(.rela.plt)

.text           0x0000000000000000      0x128
 *(.vectors)
 .vectors       0x0000000000000000       0xb4 C:/Program Files (x86)/Atmel/Studio/7.0/Packs/atmel/ATmega_DFP/1.6.364/xc8/avr/lib/avr5/memx-const/crtatmega328pb.o
                0x0000000000000000                __vector_default
                0x0000000000000000                __vectors
 *(.vectors)
 *(.progmem.gcc*)
 .progmem.gcc_sw_table.JN_join_network
                0x00000000000000b4       0x1a MODULES/lora_module/join_network/join_network.o
 *(.dinit)
 .dinit         0x00000000000000ce        0x5 data_init
                0x00000000000000d4                . = ALIGN (0x2)
 *fill*         0x00000000000000d3        0x1 
                0x00000000000000d4                __trampolines_start = .
 *(.trampolines)
 .trampolines   0x00000000000000d4        0x0 linker stubs
 *(.trampolines*)
                0x00000000000000d4                __trampolines_end = .
 *libprintf_flt.a:*(.progmem.data)
 *libc.a:*(.progmem.data)
                0x00000000000000d4                . = ALIGN (0x2)
 *(.jumptables)
 *(.jumptables*)
 *(.lowtext)
 *(.lowtext*)
                0x00000000000000d4                __ctors_start = .
 *(.ctors)
                0x00000000000000d4                __ctors_end = .
                0x00000000000000d4                __dtors_start = .
 *(.dtors)
                0x00000000000000d4                __dtors_end = .
 SORT(*)(.ctors)
 SORT(*)(.dtors)
 *(.init0)
 .init0         0x00000000000000d4        0x0 C:/Program Files (x86)/Atmel/Studio/7.0/Packs/atmel/ATmega_DFP/1.6.364/xc8/avr/lib/avr5/memx-const/crtatmega328pb.o
                0x00000000000000d4                __init
 *(.init0)
 *(.init1)
 *(.init1)
 *(.init2)
 .init2         0x00000000000000d4        0xc C:/Program Files (x86)/Atmel/Studio/7.0/Packs/atmel/ATmega_DFP/1.6.364/xc8/avr/lib/avr5/memx-const/crtatmega328pb.o
 *(.init2)
 *(.init3)
 *(.init3)
 *(.init4)
 .init4         0x00000000000000e0       0x3c c:/program files/microchip/xc8/v2.31/avr/bin/../lib/gcc/avr/5.4.0/avr5/memx-const\libgcc.a(_copy_data.o)
                0x00000000000000e0                __do_copy_data
                0x000000000000010e                __do_clear_bss
 *(.init4)
 *(.init5)
 *(.init5)
 *(.init6)
 *(.init6)
 *(.init7)
 *(.init7)
 *(.init8)
 *(.init8)
 *(.init9)
 .init9         0x000000000000011c        0x8 C:/Program Files (x86)/Atmel/Studio/7.0/Packs/atmel/ATmega_DFP/1.6.364/xc8/avr/lib/avr5/memx-const/crtatmega328pb.o
 *(.init9)
                0x0000000000000124                . = ALIGN (0x2)
 *(.fini9)
 .fini9         0x0000000000000124        0x0 c:/program files/microchip/xc8/v2.31/avr/bin/../lib/gcc/avr/5.4.0/avr5/memx-const\libgcc.a(_exit.o)
                0x0000000000000124                _exit
                0x0000000000000124                exit
 *(.fini9)
 *(.fini8)
 *(.fini8)
 *(.fini7)
 *(.fini7)
 *(.fini6)
 *(.fini6)
 *(.fini5)
 *(.fini5)
 *(.fini4)
 *(.fini4)
 *(.fini3)
 *(.fini3)
 *(.fini2)
 *(.fini2)
 *(.fini1)
 *(.fini1)
 *(.fini0)
 .fini0         0x0000000000000124        0x4 c:/program files/microchip/xc8/v2.31/avr/bin/../lib/gcc/avr/5.4.0/avr5/memx-const\libgcc.a(_exit.o)
 *(.fini0)
                0x0000000000000128                _etext = .

.data           0x0000000000800100        0x0 load address 0x0000000000000128
                [!provide]                        PROVIDE (__data_start, .)
 *(.gnu.linkonce.d*)
 *(.gnu.linkonce.r*)
                0x0000000000800100                . = ALIGN (0x2)
                0x0000000000800100                _edata = .
                [!provide]                        PROVIDE (__data_end, .)

.bss            0x0000000000800100      0x1f4
                [!provide]                        PROVIDE (__bss_start, .)
 *(COMMON)
 COMMON         0x0000000000800100      0x12c HAL/UART0/UART0_HAL.o
                0x0000000000800100                rx_buffer
                0x0000000000800164                tx_buffer
 COMMON         0x000000000080022c       0xc8 MODULES/lora_module/util/util.o
                0x000000000080022c                lm_msg
                [!provide]                        PROVIDE (__bss_end, .)
                0x0000000000000128                __data_load_start = LOADADDR (.data)
                0x0000000000000128                __data_load_end = (__data_load_start + SIZEOF (.data))

.noinit         0x00000000008002f4        0x0
                [!provide]                        PROVIDE (__noinit_start, .)
 *(.noinit*)
                [!provide]                        PROVIDE (__noinit_end, .)
                0x00000000008002f4                _end = .

.eeprom         0x0000000000810000        0x0
 *(.eeprom*)
                0x0000000000810000                __eeprom_end = .

.fuse
 *(.fuse)
 *(.lfuse)
 *(.hfuse)
 *(.efuse)

.lock
 *(.lock*)

.signature
 *(.signature*)

.user_signatures
 *(.user_signatures*)

.stab
 *(.stab)

.stabstr
 *(.stabstr)

.stab.excl
 *(.stab.excl)

.stab.exclstr
 *(.stab.exclstr)

.stab.index
 *(.stab.index)

.stab.indexstr
 *(.stab.indexstr)

.comment        0x0000000000000000       0x5b
 *(.comment)
 .comment       0x0000000000000000       0x2f HAL/RN2483/RN2483_HAL.o
                                         0x30 (size before relaxing)
 .comment       0x000000000000002f       0x30 HAL/UART0/UART0_HAL.o
 .comment       0x000000000000002f       0x30 HAL/UART1/UART1_HAL.o
 .comment       0x000000000000002f       0x30 main.o
 .comment       0x000000000000002f       0x30 MODULES/lora_module/join_network/join_network.o
 .comment       0x000000000000002f       0x30 MODULES/lora_module/lora_module.o
 .comment       0x000000000000002f       0x30 MODULES/lora_module/RN2483_protocol/RN2483_protocol.o
 .comment       0x000000000000002f       0x30 MODULES/lora_module/util/util.o
 .comment       0x000000000000002f       0x30 TEST/lora-module/test_lora_module.o
 .comment       0x000000000000002f       0x2c c:/program files/microchip/xc8/v2.31/avr/bin/../lib/gcc/avr/5.4.0/../../../../avr/lib/avr5/memx-const\libc.a(memcpy_M.o)
                                         0x2d (size before relaxing)
 .comment       0x000000000000005b       0x2d c:/program files/microchip/xc8/v2.31/avr/bin/../lib/gcc/avr/5.4.0/../../../../avr/lib/avr5/memx-const\libc.a(strcmp_M.o)
 .comment       0x000000000000005b       0x2d c:/program files/microchip/xc8/v2.31/avr/bin/../lib/gcc/avr/5.4.0/../../../../avr/lib/avr5/memx-const\libc.a(strncmp_M.o)
 .comment       0x000000000000005b       0x2d c:/program files/microchip/xc8/v2.31/avr/bin/../lib/gcc/avr/5.4.0/../../../../avr/lib/avr5/memx-const\libc.a(strlen_M.o)
 .comment       0x000000000000005b       0x2d c:/program files/microchip/xc8/v2.31/avr/bin/../lib/gcc/avr/5.4.0/../../../../avr/lib/avr5/memx-const\libc.a(strcpy_M.o)
 .comment       0x000000000000005b       0x2d c:/program files/microchip/xc8/v2.31/avr/bin/../lib/gcc/avr/5.4.0/../../../../avr/lib/avr5/memx-const\libc.a(sprintf.o)
 .comment       0x000000000000005b       0x2d c:/program files/microchip/xc8/v2.31/avr/bin/../lib/gcc/avr/5.4.0/../../../../avr/lib/avr5/memx-const\libc.a(vfprintf_std.o)
 .comment       0x000000000000005b       0x2d c:/program files/microchip/xc8/v2.31/avr/bin/../lib/gcc/avr/5.4.0/../../../../avr/lib/avr5/memx-const\libc.a(strnlen_M.o)
 .comment       0x000000000000005b       0x2d c:/program files/microchip/xc8/v2.31/avr/bin/../lib/gcc/avr/5.4.0/../../../../avr/lib/avr5/memx-const\libc.a(fputc.o)

.note.gnu.build-id
 *(.note.gnu.build-id)

.debug
 *(.debug)

.line
 *(.line)

.debug_srcinfo
 *(.debug_srcinfo)

.debug_sfnames
 *(.debug_sfnames)

.debug_aranges  0x0000000000000000      0x230
 *(.debug_aranges)
 .debug_aranges
                0x0000000000000000       0x30 HAL/RN2483/RN2483_HAL.o
 .debug_aranges
                0x0000000000000030       0x60 HAL/UART0/UART0_HAL.o
 .debug_aranges
                0x0000000000000090       0x50 HAL/UART1/UART1_HAL.o
 .debug_aranges
                0x00000000000000e0       0x20 main.o
 .debug_aranges
                0x0000000000000100       0x20 MODULES/lora_module/join_network/join_network.o
 .debug_aranges
                0x0000000000000120       0x20 MODULES/lora_module/lora_module.o
 .debug_aranges
                0x0000000000000140       0x68 MODULES/lora_module/RN2483_protocol/RN2483_protocol.o
 .debug_aranges
                0x00000000000001a8       0x60 MODULES/lora_module/util/util.o
 .debug_aranges
                0x0000000000000208       0x28 TEST/lora-module/test_lora_module.o

.debug_pubnames
 *(.debug_pubnames)

.debug_info     0x0000000000000000     0x3d5d
 *(.debug_info .gnu.linkonce.wi.*)
 .debug_info    0x0000000000000000      0x8ea C:/Program Files (x86)/Atmel/Studio/7.0/Packs/atmel/ATmega_DFP/1.6.364/xc8/avr/lib/avr5/memx-const/crtatmega328pb.o
 .debug_info    0x00000000000008ea      0x2dc HAL/RN2483/RN2483_HAL.o
 .debug_info    0x0000000000000bc6      0x5bd HAL/UART0/UART0_HAL.o
 .debug_info    0x0000000000001183      0x4e8 HAL/UART1/UART1_HAL.o
 .debug_info    0x000000000000166b      0x28c main.o
 .debug_info    0x00000000000018f7      0xbfc MODULES/lora_module/join_network/join_network.o
 .debug_info    0x00000000000024f3      0x2ae MODULES/lora_module/lora_module.o
 .debug_info    0x00000000000027a1      0x8ab MODULES/lora_module/RN2483_protocol/RN2483_protocol.o
 .debug_info    0x000000000000304c      0x7c5 MODULES/lora_module/util/util.o
 .debug_info    0x0000000000003811      0x54c TEST/lora-module/test_lora_module.o

.debug_abbrev   0x0000000000000000     0x11e6
 *(.debug_abbrev)
 .debug_abbrev  0x0000000000000000      0x86e C:/Program Files (x86)/Atmel/Studio/7.0/Packs/atmel/ATmega_DFP/1.6.364/xc8/avr/lib/avr5/memx-const/crtatmega328pb.o
 .debug_abbrev  0x000000000000086e       0x44 HAL/RN2483/RN2483_HAL.o
 .debug_abbrev  0x00000000000008b2      0x148 HAL/UART0/UART0_HAL.o
 .debug_abbrev  0x00000000000009fa      0x120 HAL/UART1/UART1_HAL.o
 .debug_abbrev  0x0000000000000b1a       0x5d main.o
 .debug_abbrev  0x0000000000000b77      0x17a MODULES/lora_module/join_network/join_network.o
 .debug_abbrev  0x0000000000000cf1       0x7d MODULES/lora_module/lora_module.o
 .debug_abbrev  0x0000000000000d6e      0x16f MODULES/lora_module/RN2483_protocol/RN2483_protocol.o
 .debug_abbrev  0x0000000000000edd      0x1b0 MODULES/lora_module/util/util.o
 .debug_abbrev  0x000000000000108d      0x159 TEST/lora-module/test_lora_module.o

.debug_line     0x0000000000000000     0x11fe
 *(.debug_line .debug_line.* .debug_line_end)
 .debug_line    0x0000000000000000      0x1a9 C:/Program Files (x86)/Atmel/Studio/7.0/Packs/atmel/ATmega_DFP/1.6.364/xc8/avr/lib/avr5/memx-const/crtatmega328pb.o
 .debug_line    0x00000000000001a9       0xbb HAL/RN2483/RN2483_HAL.o
 .debug_line    0x0000000000000264      0x24b HAL/UART0/UART0_HAL.o
 .debug_line    0x00000000000004af      0x1f5 HAL/UART1/UART1_HAL.o
 .debug_line    0x00000000000006a4       0x6b main.o
 .debug_line    0x000000000000070f      0x3e4 MODULES/lora_module/join_network/join_network.o
 .debug_line    0x0000000000000af3       0xa5 MODULES/lora_module/lora_module.o
 .debug_line    0x0000000000000b98      0x26b MODULES/lora_module/RN2483_protocol/RN2483_protocol.o
 .debug_line    0x0000000000000e03      0x20b MODULES/lora_module/util/util.o
 .debug_line    0x000000000000100e      0x1f0 TEST/lora-module/test_lora_module.o

.debug_frame    0x0000000000000000      0x5c0
 *(.debug_frame)
 .debug_frame   0x0000000000000000       0x44 HAL/RN2483/RN2483_HAL.o
 .debug_frame   0x0000000000000044       0xfc HAL/UART0/UART0_HAL.o
 .debug_frame   0x0000000000000140       0xc4 HAL/UART1/UART1_HAL.o
 .debug_frame   0x0000000000000204       0x24 main.o
 .debug_frame   0x0000000000000228       0x3c MODULES/lora_module/join_network/join_network.o
 .debug_frame   0x0000000000000264       0x24 MODULES/lora_module/lora_module.o
 .debug_frame   0x0000000000000288      0x214 MODULES/lora_module/RN2483_protocol/RN2483_protocol.o
 .debug_frame   0x000000000000049c       0xe0 MODULES/lora_module/util/util.o
 .debug_frame   0x000000000000057c       0x44 TEST/lora-module/test_lora_module.o

.debug_str      0x0000000000000000      0x514
 *(.debug_str)
 .debug_str     0x0000000000000000      0x318 C:/Program Files (x86)/Atmel/Studio/7.0/Packs/atmel/ATmega_DFP/1.6.364/xc8/avr/lib/avr5/memx-const/crtatmega328pb.o
 .debug_str     0x0000000000000318        0x0 HAL/RN2483/RN2483_HAL.o
 .debug_str     0x0000000000000318        0x0 HAL/UART0/UART0_HAL.o
 .debug_str     0x0000000000000318        0x0 HAL/UART1/UART1_HAL.o
 .debug_str     0x0000000000000318       0x17 main.o
 .debug_str     0x000000000000032f      0x141 MODULES/lora_module/join_network/join_network.o
 .debug_str     0x0000000000000470       0x10 MODULES/lora_module/lora_module.o
 .debug_str     0x0000000000000480        0x7 MODULES/lora_module/RN2483_protocol/RN2483_protocol.o
 .debug_str     0x0000000000000487       0x4b MODULES/lora_module/util/util.o
 .debug_str     0x00000000000004d2       0x42 TEST/lora-module/test_lora_module.o

.debug_loc      0x0000000000000000     0x11cb
 *(.debug_loc)
 .debug_loc     0x0000000000000000      0x255 HAL/UART0/UART0_HAL.o
 .debug_loc     0x0000000000000255      0x16d HAL/UART1/UART1_HAL.o
 .debug_loc     0x00000000000003c2      0x18a MODULES/lora_module/join_network/join_network.o
 .debug_loc     0x000000000000054c      0x8f8 MODULES/lora_module/RN2483_protocol/RN2483_protocol.o
 .debug_loc     0x0000000000000e44      0x316 MODULES/lora_module/util/util.o
 .debug_loc     0x000000000000115a       0x71 TEST/lora-module/test_lora_module.o

.debug_macinfo
 *(.debug_macinfo)

.debug_weaknames
 *(.debug_weaknames)

.debug_funcnames
 *(.debug_funcnames)

.debug_typenames
 *(.debug_typenames)

.debug_varnames
 *(.debug_varnames)

.debug_pubtypes
 *(.debug_pubtypes)

.debug_ranges   0x0000000000000000      0x1a0
 *(.debug_ranges)
 .debug_ranges  0x0000000000000000       0x20 HAL/RN2483/RN2483_HAL.o
 .debug_ranges  0x0000000000000020       0x50 HAL/UART0/UART0_HAL.o
 .debug_ranges  0x0000000000000070       0x40 HAL/UART1/UART1_HAL.o
 .debug_ranges  0x00000000000000b0       0x10 main.o
 .debug_ranges  0x00000000000000c0       0x10 MODULES/lora_module/join_network/join_network.o
 .debug_ranges  0x00000000000000d0       0x10 MODULES/lora_module/lora_module.o
 .debug_ranges  0x00000000000000e0       0x58 MODULES/lora_module/RN2483_protocol/RN2483_protocol.o
 .debug_ranges  0x0000000000000138       0x50 MODULES/lora_module/util/util.o
 .debug_ranges  0x0000000000000188       0x18 TEST/lora-module/test_lora_module.o

.debug_macro
 *(.debug_macro)
OUTPUT(methane_sensor_v0.elf elf32-avr)
LOAD linker stubs
LOAD data_init

.note.gnu.avr.deviceinfo
                0x0000000000000000       0x40
 .note.gnu.avr.deviceinfo
                0x0000000000000000       0x40 C:/Program Files (x86)/Atmel/Studio/7.0/Packs/atmel/ATmega_DFP/1.6.364/xc8/avr/lib/avr5/memx-const/crtatmega328pb.o

.bss.rx_buffer_has_message
                0x0000000000800420        0x1
 .bss.rx_buffer_has_message
                0x0000000000800420        0x1 HAL/UART0/UART0_HAL.o
                0x0000000000800420                rx_buffer_has_message

.bss.rx_buffer_data_len
                0x0000000000800421        0x1
 .bss.rx_buffer_data_len
                0x0000000000800421        0x1 HAL/UART0/UART0_HAL.o
                0x0000000000800421                rx_buffer_data_len

.bss.tx_buffer_cursor
                0x0000000000800422        0x1
 .bss.tx_buffer_cursor
                0x0000000000800422        0x1 HAL/UART0/UART0_HAL.o
                0x0000000000800422                tx_buffer_cursor

.bss.tx_buffer_data_len
                0x0000000000800423        0x1
 .bss.tx_buffer_data_len
                0x0000000000800423        0x1 HAL/UART0/UART0_HAL.o
                0x0000000000800423                tx_buffer_data_len

.bss.rx_buffer_has_message
                0x0000000000800424        0x1
 .bss.rx_buffer_has_message
                0x0000000000800424        0x1 HAL/UART1/UART1_HAL.o

.bss.rx_buffer_data_len
                0x0000000000800425        0x1
 .bss.rx_buffer_data_len
                0x0000000000800425        0x1 HAL/UART1/UART1_HAL.o

.bss.rx_buffer  0x00000000008003bc       0x64
 .bss.rx_buffer
                0x00000000008003bc       0x64 HAL/UART1/UART1_HAL.o

.bss.tx_buffer_cursor
                0x0000000000800426        0x1
 .bss.tx_buffer_cursor
                0x0000000000800426        0x1 HAL/UART1/UART1_HAL.o

.bss.tx_buffer_data_len
                0x0000000000800427        0x1
 .bss.tx_buffer_data_len
                0x0000000000800427        0x1 HAL/UART1/UART1_HAL.o

.bss.tx_buffer  0x00000000008002f4       0xc8
 .bss.tx_buffer
                0x00000000008002f4       0xc8 HAL/UART1/UART1_HAL.o

.progmemx.data  0x0000000000000128       0x73
 .progmemx.data
                0x0000000000000128       0x73 MODULES/lora_module/RN2483_protocol/RN2483_protocol.o

.progmemx.data  0x000000000000019b       0x43
 .progmemx.data
                0x000000000000019b       0x43 MODULES/lora_module/util/util.o

.progmemx.data  0x00000000000001de       0x38
 .progmemx.data
                0x00000000000001de       0x38 MODULES/lora_module/join_network/join_network.o

.progmemx.data  0x0000000000000216        0x5
 .progmemx.data
                0x0000000000000216        0x5 TEST/lora-module/test_lora_module.o

.text.avrlibc   0x000000000000021c      0x448
 .text.avrlibc  0x000000000000021c      0x448 c:/program files/microchip/xc8/v2.31/avr/bin/../lib/gcc/avr/5.4.0/../../../../avr/lib/avr5/memx-const\libc.a(vfprintf_std.o)
                0x000000000000021c                vfprintf

.text.JN_join_network
                0x0000000000000664      0x296
 .text.JN_join_network
                0x0000000000000664      0x296 MODULES/lora_module/join_network/join_network.o
                0x0000000000000664                JN_join_network

.text.avrlibc   0x00000000000008fa       0xbc
 .text.avrlibc  0x00000000000008fa       0xbc c:/program files/microchip/xc8/v2.31/avr/bin/../lib/gcc/avr/5.4.0/../../../../avr/lib/avr5/memx-const\libc.a(ultoa_invert.o)
                0x00000000000008fa                __ultoa_invert

.text.test_join_network
                0x00000000000009b6       0x7a
 .text.test_join_network
                0x00000000000009b6       0x7a TEST/lora-module/test_lora_module.o
                0x00000000000009b6                test_join_network

.text.avrlibc   0x0000000000000a30       0x78
 .text.avrlibc  0x0000000000000a30       0x78 c:/program files/microchip/xc8/v2.31/avr/bin/../lib/gcc/avr/5.4.0/../../../../avr/lib/avr5/memx-const\libc.a(fputc.o)
                0x0000000000000a30                fputc

.text.__vector_18
                0x0000000000000aa8       0x74
 .text.__vector_18
                0x0000000000000aa8       0x74 HAL/UART0/UART0_HAL.o
                0x0000000000000aa8                __vector_18

.text.__vector_28
                0x0000000000000b1c       0x70
 .text.__vector_28
                0x0000000000000b1c       0x70 HAL/UART1/UART1_HAL.o
                0x0000000000000b1c                __vector_28

.text.avrlibc   0x0000000000000b8c       0x6a
 .text.avrlibc  0x0000000000000b8c       0x6a c:/program files/microchip/xc8/v2.31/avr/bin/../lib/gcc/avr/5.4.0/../../../../avr/lib/avr5/memx-const\libc.a(strncmp_M.o)
                0x0000000000000b8c                strncmp

.text.util_matchMessage
                0x0000000000000bf6       0x5e
 .text.util_matchMessage
                0x0000000000000bf6       0x5e MODULES/lora_module/util/util.o
                0x0000000000000bf6                util_matchMessage

.text.mac_set_parameter
                0x0000000000000c54       0x4e
 .text.mac_set_parameter
                0x0000000000000c54       0x4e MODULES/lora_module/RN2483_protocol/RN2483_protocol.o
                0x0000000000000c54                mac_set_parameter

.text.__vector_20
                0x0000000000000ca2       0x4a
 .text.__vector_20
                0x0000000000000ca2       0x4a HAL/UART0/UART0_HAL.o
                0x0000000000000ca2                __vector_20

.text.__vector_30
                0x0000000000000cec       0x4a
 .text.__vector_30
                0x0000000000000cec       0x4a HAL/UART1/UART1_HAL.o
                0x0000000000000cec                __vector_30

.text.mac_set_deveui
                0x0000000000000d36       0x48
 .text.mac_set_deveui
                0x0000000000000d36       0x48 MODULES/lora_module/RN2483_protocol/RN2483_protocol.o
                0x0000000000000d36                mac_set_deveui

.text.mac_set_appeui
                0x0000000000000d7e       0x48
 .text.mac_set_appeui
                0x0000000000000d7e       0x48 MODULES/lora_module/RN2483_protocol/RN2483_protocol.o
                0x0000000000000d7e                mac_set_appeui

.text.mac_set_appkey
                0x0000000000000dc6       0x48
 .text.mac_set_appkey
                0x0000000000000dc6       0x48 MODULES/lora_module/RN2483_protocol/RN2483_protocol.o
                0x0000000000000dc6                mac_set_appkey

.text.avrlibc   0x0000000000000e0e       0x46
 .text.avrlibc  0x0000000000000e0e       0x46 c:/program files/microchip/xc8/v2.31/avr/bin/../lib/gcc/avr/5.4.0/../../../../avr/lib/avr5/memx-const\libc.a(sprintf.o)
                0x0000000000000e0e                sprintf

.text.LM_strbeginswith
                0x0000000000000e54       0x44
 .text.LM_strbeginswith
                0x0000000000000e54       0x44 MODULES/lora_module/util/util.o

.text.avrlibc   0x0000000000000e98       0x42
 .text.avrlibc  0x0000000000000e98       0x42 c:/program files/microchip/xc8/v2.31/avr/bin/../lib/gcc/avr/5.4.0/../../../../avr/lib/avr5/memx-const\libc.a(strcmp_M.o)
                0x0000000000000e98                strcmp

.text.uart0_hal_init
                0x0000000000000eda       0x3c
 .text.uart0_hal_init
                0x0000000000000eda       0x3c HAL/UART0/UART0_HAL.o
                0x0000000000000eda                uart0_hal_init

.text.libgcc.prologue
                0x0000000000000f16       0x38
 .text.libgcc.prologue
                0x0000000000000f16       0x38 c:/program files/microchip/xc8/v2.31/avr/bin/../lib/gcc/avr/5.4.0/avr5/memx-const\libgcc.a(_prologue.o)
                0x0000000000000f16                __prologue_saves__

.text.avrlibc   0x0000000000000f4e       0x36
 .text.avrlibc  0x0000000000000f4e       0x36 c:/program files/microchip/xc8/v2.31/avr/bin/../lib/gcc/avr/5.4.0/../../../../avr/lib/avr5/memx-const\libc.a(strnlen_M.o)
                0x0000000000000f4e                strnlen

.text.libgcc.prologue
                0x0000000000000f84       0x36
 .text.libgcc.prologue
                0x0000000000000f84       0x36 c:/program files/microchip/xc8/v2.31/avr/bin/../lib/gcc/avr/5.4.0/avr5/memx-const\libgcc.a(_epilogue.o)
                0x0000000000000f84                __epilogue_restores__

.text.uart0_hal_send_message
                0x0000000000000fba       0x34
 .text.uart0_hal_send_message
                0x0000000000000fba       0x34 HAL/UART0/UART0_HAL.o
                0x0000000000000fba                uart0_hal_send_message

.text.cmd_with_ending
                0x0000000000000fee       0x32
 .text.cmd_with_ending
                0x0000000000000fee       0x32 MODULES/lora_module/RN2483_protocol/RN2483_protocol.o
                0x0000000000000fee                cmd_with_ending

.text.avrlibc   0x0000000000001020       0x32
 .text.avrlibc  0x0000000000001020       0x32 c:/program files/microchip/xc8/v2.31/avr/bin/../lib/gcc/avr/5.4.0/../../../../avr/lib/avr5/memx-const\libc.a(memcpy_M.o)
                0x0000000000001020                memcpy

.text.mac_set_ADR
                0x0000000000001052       0x30
 .text.mac_set_ADR
                0x0000000000001052       0x30 MODULES/lora_module/RN2483_protocol/RN2483_protocol.o
                0x0000000000001052                mac_set_ADR

.text.copy_buffer
                0x0000000000001082       0x2e
 .text.copy_buffer
                0x0000000000001082       0x2e HAL/UART0/UART0_HAL.o

.text.avrlibc   0x00000000000010b0       0x2c
 .text.avrlibc  0x00000000000010b0       0x2c c:/program files/microchip/xc8/v2.31/avr/bin/../lib/gcc/avr/5.4.0/../../../../avr/lib/avr5/memx-const\libc.a(strlen_M.o)
                0x00000000000010b0                strlen

.text.uart0_hal_read_message_as_str
                0x00000000000010dc       0x28
 .text.uart0_hal_read_message_as_str
                0x00000000000010dc       0x28 HAL/UART0/UART0_HAL.o
                0x00000000000010dc                uart0_hal_read_message_as_str

.text.test_lora_module_start
                0x0000000000001104       0x20
 .text.test_lora_module_start
                0x0000000000001104       0x20 TEST/lora-module/test_lora_module.o
                0x0000000000001104                test_lora_module_start

.text.avrlibc   0x0000000000001124       0x1e
 .text.avrlibc  0x0000000000001124       0x1e c:/program files/microchip/xc8/v2.31/avr/bin/../lib/gcc/avr/5.4.0/../../../../avr/lib/avr5/memx-const\libc.a(strcpy_M.o)
                0x0000000000001124                strcpy

.text.attach_ending
                0x0000000000001142       0x1c
 .text.attach_ending
                0x0000000000001142       0x1c MODULES/lora_module/RN2483_protocol/RN2483_protocol.o
                0x0000000000001142                attach_ending

.text.util_transmit_msg
                0x000000000000115e       0x1c
 .text.util_transmit_msg
                0x000000000000115e       0x1c MODULES/lora_module/util/util.o
                0x000000000000115e                util_transmit_msg

.text.libgcc    0x000000000000117a       0x1a
 .text.libgcc   0x000000000000117a       0x1a c:/program files/microchip/xc8/v2.31/avr/bin/../lib/gcc/avr/5.4.0/avr5/memx-const\libgcc.a(_movmemx.o)
                0x000000000000117a                __movmemx_qi
                0x000000000000117c                __movmemx_hi

.text.util_get_deveui_as_string
                0x0000000000001194       0x10
 .text.util_get_deveui_as_string
                0x0000000000001194       0x10 MODULES/lora_module/util/util.o
                0x0000000000001194                util_get_deveui_as_string

.text.util_get_appkey_as_string
                0x00000000000011a4       0x10
 .text.util_get_appkey_as_string
                0x00000000000011a4       0x10 MODULES/lora_module/util/util.o
                0x00000000000011a4                util_get_appkey_as_string

.text.util_get_appeui_as_string
                0x00000000000011b4       0x10
 .text.util_get_appeui_as_string
                0x00000000000011b4       0x10 MODULES/lora_module/util/util.o
                0x00000000000011b4                util_get_appeui_as_string

.text.uart0_hal_message_ready
                0x00000000000011c4        0xe
 .text.uart0_hal_message_ready
                0x00000000000011c4        0xe HAL/UART0/UART0_HAL.o
                0x00000000000011c4                uart0_hal_message_ready

.text.util_setPendingStates
                0x00000000000011d2        0xc
 .text.util_setPendingStates
                0x00000000000011d2        0xc MODULES/lora_module/util/util.o
                0x00000000000011d2                util_setPendingStates

.text.util_setMatchCase
                0x00000000000011de        0xc
 .text.util_setMatchCase
                0x00000000000011de        0xc MODULES/lora_module/util/util.o
                0x00000000000011de                util_setMatchCase

.text.libgcc    0x00000000000011ea        0xc
 .text.libgcc   0x00000000000011ea        0xc c:/program files/microchip/xc8/v2.31/avr/bin/../lib/gcc/avr/5.4.0/avr5/memx-const\libgcc.a(_tablejump2.o)
                0x00000000000011ea                __tablejump2__

.text.uart0_hal_clear_rx_buffer
                0x00000000000011f6        0xa
 .text.uart0_hal_clear_rx_buffer
                0x00000000000011f6        0xa HAL/UART0/UART0_HAL.o
                0x00000000000011f6                uart0_hal_clear_rx_buffer

.text.rn2483_init
                0x0000000000001200        0x8
 .text.rn2483_init
                0x0000000000001200        0x8 HAL/RN2483/RN2483_HAL.o
                0x0000000000001200                rn2483_init

.text.rn2483_reset_active
                0x0000000000001208        0x8
 .text.rn2483_reset_active
                0x0000000000001208        0x8 HAL/RN2483/RN2483_HAL.o
                0x0000000000001208                rn2483_reset_active

.text.rn2483_reset_deactive
                0x0000000000001210        0x8
 .text.rn2483_reset_deactive
                0x0000000000001210        0x8 HAL/RN2483/RN2483_HAL.o
                0x0000000000001210                rn2483_reset_deactive

.text.main      0x0000000000001218        0x6
 .text.main     0x0000000000001218        0x6 main.o
                0x0000000000001218                main

.text.LM_join_network
                0x000000000000121e        0x6
 .text.LM_join_network
                0x000000000000121e        0x6 MODULES/lora_module/lora_module.o
                0x000000000000121e                LM_join_network

.text.util_read_msg
                0x0000000000001224        0x6
 .text.util_read_msg
                0x0000000000001224        0x6 MODULES/lora_module/util/util.o
                0x0000000000001224                util_read_msg

.text           0x000000000000122a        0x4
 .text          0x000000000000122a        0x4 C:/Program Files (x86)/Atmel/Studio/7.0/Packs/atmel/ATmega_DFP/1.6.364/xc8/avr/lib/avr5/memx-const/crtatmega328pb.o
                0x000000000000122a                __vector_38
                0x000000000000122a                __vector_22
                0x000000000000122a                __vector_1
                0x000000000000122a                __vector_32
                0x000000000000122a                __vector_34
                0x000000000000122a                __vector_24
                0x000000000000122a                __vector_12
                0x000000000000122a                __bad_interrupt
                0x000000000000122a                __vector_6
                0x000000000000122a                __vector_31
                0x000000000000122a                __vector_35
                0x000000000000122a                __vector_39
                0x000000000000122a                __vector_3
                0x000000000000122a                __vector_23
                0x000000000000122a                __vector_25
                0x000000000000122a                __vector_11
                0x000000000000122a                __vector_13
                0x000000000000122a                __vector_17
                0x000000000000122a                __vector_19
                0x000000000000122a                __vector_7
                0x000000000000122a                __vector_41
                0x000000000000122a                __vector_43
                0x000000000000122a                __vector_27
                0x000000000000122a                __vector_5
                0x000000000000122a                __vector_33
                0x000000000000122a                __vector_37
                0x000000000000122a                __vector_4
                0x000000000000122a                __vector_44
                0x000000000000122a                __vector_9
                0x000000000000122a                __vector_2
                0x000000000000122a                __vector_21
                0x000000000000122a                __vector_15
                0x000000000000122a                __vector_36
                0x000000000000122a                __vector_29
                0x000000000000122a                __vector_40
                0x000000000000122a                __vector_8
                0x000000000000122a                __vector_26
                0x000000000000122a                __vector_14
                0x000000000000122a                __vector_10
                0x000000000000122a                __vector_16
                0x000000000000122a                __vector_42
